$ /Users/econ0757/venvs/miis-model/bin/python3 panel/build_panel.py
FR1    471 komponent · 146 tənlik
FR3     89 komponent ·  90 tənlik
FR4     75 komponent · 122 tənlik
FR5     79 komponent ·  81 tənlik
FR10   414 komponent · 133 tənlik
FR12   378 komponent ·  69 tənlik
göstərici 1506, ssenari sırası 4515 (× 5 il), zolaq 500, tənlik 641, saxlanmış ssenari 1, mühərrik girişləri 6/6
tamlıq: {'OK': 4353, 'OK (faktiki: 2026)': 162, 'proqnoz edilmir (not_forecast)': 1}
TAMLIQ OK — hər kataloq komponenti hər ssenaridə 2026–2030 illərinin hamısını daşıyır
KEÇİDLƏR OK — tənlik id-ləri, fayllar və marşrutlar mövcuddur
TƏRCÜMƏ YOXLAMASI UĞURSUZ: 26 sətir (panel/i18n/untranslated.txt):
  - eq_fr10.js.sum | Məhdudiyyət: x2 əmsalı empirik Bayes üsulu ilə büzülüb: qiymətləndirmə −0,4891 (s.x. 0,2293) apriori orta −0,1206 (2025 payları ilə çəkilmiş bütün rayonların orta əmsalı, Bakı = 0) istiqamətində büzülür; büzülmə çəkisi B | chosen,shrinkage
  - eq_fr10.js.rs.test | empirical Bayes (precision-weighted) shrinkage, kappa chosen pre-cut | chosen,shrinkage
  - eq_fr10.js.sum | Məhdudiyyət: x2 əmsalı empirik Bayes üsulu ilə büzülüb: qiymətləndirmə −0,4637 (s.x. 0,2135) apriori orta −0,1206 (2025 payları ilə çəkilmiş bütün rayonların orta əmsalı, Bakı = 0) istiqamətində büzülür; büzülmə çəkisi B | chosen,shrinkage
  - eq_fr10.js.rs.test | empirical Bayes (precision-weighted) shrinkage, kappa chosen pre-cut | chosen,shrinkage
  - eq_fr10.js.sum | Məhdudiyyət: x2 əmsalı empirik Bayes üsulu ilə büzülüb: qiymətləndirmə −0,8311 (s.x. 0,1481) apriori orta −0,1206 (2025 payları ilə çəkilmiş bütün rayonların orta əmsalı, Bakı = 0) istiqamətində büzülür; büzülmə çəkisi B | chosen,shrinkage
  - eq_fr10.js.rs.test | empirical Bayes (precision-weighted) shrinkage, kappa chosen pre-cut | chosen,shrinkage
  - eq_fr10.js.sum | Məhdudiyyət: x2 əmsalı empirik Bayes üsulu ilə büzülüb: qiymətləndirmə −0,6643 (s.x. 0,2443) apriori orta −0,1206 (2025 payları ilə çəkilmiş bütün rayonların orta əmsalı, Bakı = 0) istiqamətində büzülür; büzülmə çəkisi B | chosen,shrinkage
  - eq_fr10.js.rs.test | empirical Bayes (precision-weighted) shrinkage, kappa chosen pre-cut | chosen,shrinkage
  - eq_fr10.js.sum | Məhdudiyyət: x2 əmsalı empirik Bayes üsulu ilə büzülüb: qiymətləndirmə −0,8067 (s.x. 0,2358) apriori orta −0,1206 (2025 payları ilə çəkilmiş bütün rayonların orta əmsalı, Bakı = 0) istiqamətində büzülür; büzülmə çəkisi B | chosen,shrinkage
  - eq_fr10.js.rs.test | empirical Bayes (precision-weighted) shrinkage, kappa chosen pre-cut | chosen,shrinkage
  - eq_fr10.js.sum | Məhdudiyyət: x2 əmsalı empirik Bayes üsulu ilə büzülüb: qiymətləndirmə −0,7767 (s.x. 0,1435) apriori orta −0,1206 (2025 payları ilə çəkilmiş bütün rayonların orta əmsalı, Bakı = 0) istiqamətində büzülür; büzülmə çəkisi B | chosen,shrinkage
  - eq_fr10.js.rs.test | empirical Bayes (precision-weighted) shrinkage, kappa chosen pre-cut | chosen,shrinkage
  - eq_fr10.js.sum | Məhdudiyyət: x2 əmsalı empirik Bayes üsulu ilə büzülüb: qiymətləndirmə −0,7849 (s.x. 0,2382) apriori orta −0,1206 (2025 payları ilə çəkilmiş bütün rayonların orta əmsalı, Bakı = 0) istiqamətində büzülür; büzülmə çəkisi B | chosen,shrinkage
  - eq_fr10.js.rs.test | empirical Bayes (precision-weighted) shrinkage, kappa chosen pre-cut | chosen,shrinkage
  - eq_fr10.js.sum | Məhdudiyyət: x2 əmsalı empirik Bayes üsulu ilə büzülüb: qiymətləndirmə −0,6438 (s.x. 0,1023) apriori orta −0,1206 (2025 payları ilə çəkilmiş bütün rayonların orta əmsalı, Bakı = 0) istiqamətində büzülür; büzülmə çəkisi B | chosen,shrinkage
  - eq_fr10.js.rs.test | empirical Bayes (precision-weighted) shrinkage, kappa chosen pre-cut | chosen,shrinkage
  - eq_fr10.js.sum | Məhdudiyyət: x2 əmsalı empirik Bayes üsulu ilə büzülüb: qiymətləndirmə −1,0429 (s.x. 0,2630) apriori orta −0,1206 (2025 payları ilə çəkilmiş bütün rayonların orta əmsalı, Bakı = 0) istiqamətində büzülür; büzülmə çəkisi B | chosen,shrinkage
  - eq_fr10.js.rs.test | empirical Bayes (precision-weighted) shrinkage, kappa chosen pre-cut | chosen,shrinkage
  - eq_fr10.js.sum | Məhdudiyyət: x2 əmsalı empirik Bayes üsulu ilə büzülüb: qiymətləndirmə −0,3568 (s.x. 0,2112) apriori orta −0,1206 (2025 payları ilə çəkilmiş bütün rayonların orta əmsalı, Bakı = 0) istiqamətində büzülür; büzülmə çəkisi B | chosen,shrinkage
  - eq_fr10.js.rs.test | empirical Bayes (precision-weighted) shrinkage, kappa chosen pre-cut | chosen,shrinkage
  - eq_fr10.js.sum | Məhdudiyyət: x2 əmsalı empirik Bayes üsulu ilə büzülüb: qiymətləndirmə −0,7558 (s.x. 0,2239) apriori orta −0,1206 (2025 payları ilə çəkilmiş bütün rayonların orta əmsalı, Bakı = 0) istiqamətində büzülür; büzülmə çəkisi B | chosen,shrinkage
  - eq_fr10.js.rs.test | empirical Bayes (precision-weighted) shrinkage, kappa chosen pre-cut | chosen,shrinkage
  - eq_fr10.js.sum | Məhdudiyyət: x2 əmsalı empirik Bayes üsulu ilə büzülüb: qiymətləndirmə −0,9371 (s.x. 0,5940) apriori orta −0,1206 (2025 payları ilə çəkilmiş bütün rayonların orta əmsalı, Bakı = 0) istiqamətində büzülür; büzülmə çəkisi B | chosen,shrinkage
  - eq_fr10.js.rs.test | empirical Bayes (precision-weighted) shrinkage, kappa chosen pre-cut | chosen,shrinkage
  - eq_fr10.js.sum | Məhdudiyyət: x2 əmsalı empirik Bayes üsulu ilə büzülüb: qiymətləndirmə −0,3092 (s.x. 0,1908) apriori orta −0,1206 (2025 payları ilə çəkilmiş bütün rayonların orta əmsalı, Bakı = 0) istiqamətində büzülür; büzülmə çəkisi B | chosen,shrinkage
  - eq_fr10.js.rs.test | empirical Bayes (precision-weighted) shrinkage, kappa chosen pre-cut | chosen,shrinkage
möhür fe335813daae 2026-10-05
