/Users/econ0757/My Drive/OxLon/MIIS_Micro_Risk_Policy/RiskUnit/riskunit/feeds_az.py:758: FutureWarning: The behavior of DataFrame concatenation with empty or all-NA entries is deprecated. In a future version, this will no longer exclude empty or all-NA columns when determining the result dtypes. To retain the old behavior, exclude the relevant entries before the concat operation.
  out = pd.concat([st, old], ignore_index=True)
  brent     keş: şəbəkə yoxdur        0 müşahidə, son: 
  vix       keş: şəbəkə yoxdur        0 müşahidə, son: 
  ust10     keş: şəbəkə yoxdur        0 müşahidə, son: 
  fedfunds  keş: şəbəkə yoxdur        0 müşahidə, son: 
  eurusd    keş: şəbəkə yoxdur        0 müşahidə, son: 
  gpr       keş: şəbəkə yoxdur        0 müşahidə, son: 
  epu       keş: şəbəkə yoxdur        0 müşahidə, son: 
  usgs      keş: şəbəkə yoxdur        0 müşahidə, son: 
  era5      keş: şəbəkə yoxdur        0 müşahidə, son: 
  cbar_fx                           keş: şəbəkə yoxdur        0 müşahidə, son: 
  cbar_rate                         keş: şəbəkə yoxdur        0 müşahidə, son: 
  dsk_macro                         keş: şəbəkə yoxdur        0 müşahidə, son: 
  dsk_cpi                           keş: şəbəkə yoxdur        0 müşahidə, son: 
  dsk_tables                        keş: şəbəkə yoxdur        0 müşahidə, son: 
  minfin                            keş: şəbəkə yoxdur        0 müşahidə, son: 
  sofaz                             keş: şəbəkə yoxdur        0 müşahidə, son: 
  bfb                               keş: şəbəkə yoxdur        0 müşahidə, son: 
  D1 kataloq: Nazirlik (MU) 793, makro OxLon §15.5.1 1001, mikro §15.5.2 1551
  monitor: 56 göstərici (14 xəbərdarlıq), 12786 təsir sətri, 5 dəyişiklik (1.7 san)
    Brent (spot)                                          113.960 vs     68.980 (OxLon §15.5.1) z=+2.7
    Brent 2026 illik ortası (YTD + spot)                   98.361 vs     68.980 (OxLon §15.5.1) z=+6.9
    Azeri Light (proksi) vs FR1 ixrac qiyməti             114.631 vs     66.018 (MicroUnit FR1) z=+3.0
    Dövlət büdcəsi xərcləri: icra (illik planın %-i)       54.833 vs     66.667 (Nazirlik Bottom-up) z=-2.4
    Dövlət büdcəsinin balansı (Yanvar–ay) vs illik fər   3715.900 vs  -3042.450 (Nazirlik Bottom-up) z=+4.5
    ARDNF aktivləri vs Nazirlik ilsonu fərziyyəsi       72596.600 vs  59123.972 (Nazirlik Bottom-up) z=+4.6
