  brent     xeta: TimeoutError        0 müşahidə, son: 
  vix       xeta: TimeoutError        0 müşahidə, son: 
  ust10     xeta: TimeoutError        0 müşahidə, son: 
  fedfunds  xeta: TimeoutError        0 müşahidə, son: 
  eurusd    xeta: TimeoutError        0 müşahidə, son: 
  gpr               ok     3507 müşahidə, son: 2026-09-01
  epu               ok      355 müşahidə, son: 2026-07-01
  usgs              ok      251 müşahidə, son: 2026-10-01
  era5              ok     3204 müşahidə, son: 2026-09-01
  cbar_fx                                           ok     2982 müşahidə, son: 2026-10-05
  cbar_rate                                         ok      215 müşahidə, son: 2026-09-24
  dsk_macro                                         ok      354 müşahidə, son: 2026-08-01
  dsk_cpi                                           ok        7 müşahidə, son: 2026-08-01
  dsk_tables                                        ok      412 müşahidə, son: 2026-04-01
  minfin                                            ok        5 müşahidə, son: 2026-03-01
  sofaz                                             ok       15 müşahidə, son: 2026-06-30
  bfb                                               ok       24 müşahidə, son: 2026-10-01
       feed    son_deyer  son_tarix  tazelik    son_cehd_status
    cbar_fx     1.700000 2026-10-05     təzə                 ok
  cbar_rate     6.500000 2026-02-05    köhnə                 ok
  dsk_macro     1.200000 2026-08-01 köhnəlir                 ok
    dsk_cpi     5.700000 2026-08-01 köhnəlir                 ok
 dsk_tables     1.769724 2026-04-01 köhnəlir                 ok
     minfin 38356.000000 2025-01-01    köhnə                 ok
      sofaz 72596.600000 2026-06-30     təzə                 ok
        bfb     7.184400 2026-09-29     təzə                 ok
      brent   113.960000 2026-09-29 köhnəlir xeta: TimeoutError
        vix    16.340000 2026-09-30 köhnəlir xeta: TimeoutError
      ust10     5.290000 2026-09-30 köhnəlir xeta: TimeoutError
   fedfunds     3.750000 2026-09-01     təzə xeta: TimeoutError
     eurusd     1.140000 2026-09-25 köhnəlir xeta: TimeoutError
        gpr   146.209900 2026-09-01     təzə                 ok
        epu   241.690491 2026-07-01    köhnə                 ok
       usgs     4.500000 2026-10-01     təzə                 ok
       era5    10.300000 2026-09-01     təzə                 ok
azeri_light   114.630572 2026-09-29 köhnəlir                 ok
exit 0
