$ /Users/econ0757/venvs/miis-model/bin/python3 site/build_site.py
wrote fr/fr1.html
wrote fr/fr1-proqnoz.html
wrote fr/fr1-tenlikler.html
wrote fr/fr3.html
wrote fr/fr3-proqnoz.html
wrote fr/fr3-tenlikler.html
wrote fr/fr4.html
wrote fr/fr4-proqnoz.html
wrote fr/fr4-tenlikler.html
wrote fr/fr5.html
wrote fr/fr5-proqnoz.html
wrote fr/fr5-tenlikler.html
wrote fr/fr10.html
wrote fr/fr10-proqnoz.html
wrote fr/fr10-tenlikler.html
wrote fr/fr12.html
wrote fr/fr12-proqnoz.html
wrote fr/fr12-tenlikler.html
wrote fr/fr10-sintetik.html
wrote fr/fr12-sintetik.html
wrote index.html
wrote dayaniqliq.html
wrote methodology.html
wrote data.html
wrote synthetic.html
wrote notebooks.html
wrote api.html
wrote results.html
FORECAST COMPLETENESS CHECK: OK — every catalog component has 2026–2030 in every scenario

page                         figures tables links
api.html                           0      2    46
data.html                          0      7    47
dayaniqliq.html                    1      5    85
fr/fr1-proqnoz.html                0     18   898
fr/fr1-tenlikler.html            274    739    40
fr/fr1.html                        5      5   152
fr/fr10-proqnoz.html               0     44   465
fr/fr10-sintetik.html              4     18    48
fr/fr10-tenlikler.html           261    727    42
fr/fr10.html                       5      5   160
fr/fr12-proqnoz.html               0      6   978
fr/fr12-sintetik.html              1     15    48
fr/fr12-tenlikler.html            99    318    42
fr/fr12.html                       7      9   148
fr/fr3-proqnoz.html                0      8   229
fr/fr3-tenlikler.html            171    480    40
fr/fr3.html                        4      5    92
fr/fr4-proqnoz.html                0     11   200
fr/fr4-tenlikler.html            237    583    40
fr/fr4.html                        5      6   104
fr/fr5-proqnoz.html                0      3   234
fr/fr5-tenlikler.html            136    426    40
fr/fr5.html                        5      3   119
index.html                         1      1    79
methodology.html                   0      1    57
notebooks.html                     0      1    39
results.html                       0      6   386
synthetic.html                     0      4    47
pages 28, figures 1216, tables 3456, links checked 4905
LINK/FIGURE CHECK: OK — every link and anchor resolves, no external resources, every figure parses

TRANSLATION CHECK: OK — 28 pages and site.js, no leftover English (word list 370, allow-list 150)
