2026-10-06T09:37:32Z başladı: /Users/econ0757/venvs/miis-model/bin/python3 /Users/econ0757/My Drive/OxLon/MIIS_Micro_Risk_Policy/RiskUnit/update.py --daily (tətik: api; RISK_NO_NETWORK=1)
[10:37:35] A0  məlumat onurğası: yuxarı axın faylları (hash manifesti)
[10:37:35] A1  qlobal axınlar (FRED, GPR, EPU, USGS, ERA5)
  brent     keş: şəbəkə yoxdur        0 müşahidə, son: 
  vix       keş: şəbəkə yoxdur        0 müşahidə, son: 
  ust10     keş: şəbəkə yoxdur        0 müşahidə, son: 
  fedfunds  keş: şəbəkə yoxdur        0 müşahidə, son: 
  eurusd    keş: şəbəkə yoxdur        0 müşahidə, son: 
  gpr       keş: şəbəkə yoxdur        0 müşahidə, son: 
  epu       keş: şəbəkə yoxdur        0 müşahidə, son: 
  usgs      keş: şəbəkə yoxdur        0 müşahidə, son: 
  era5      keş: şəbəkə yoxdur        0 müşahidə, son: 
[10:37:35] A2  Azərbaycan axınları (AMB, DSK, MN, ARDNF, BFB) → D2, D4
  cbar_fx                           keş: şəbəkə yoxdur        0 müşahidə, son: 
  cbar_rate                         keş: şəbəkə yoxdur        0 müşahidə, son: 
  dsk_macro                         keş: şəbəkə yoxdur        0 müşahidə, son: 
  dsk_cpi                           keş: şəbəkə yoxdur        0 müşahidə, son: 
  dsk_tables                        keş: şəbəkə yoxdur        0 müşahidə, son: 
  minfin                            keş: şəbəkə yoxdur        0 müşahidə, son: 
  sofaz                             keş: şəbəkə yoxdur        0 müşahidə, son: 
  bfb                               keş: şəbəkə yoxdur        0 müşahidə, son: 
    ! xəbərdarlıq: minfin (keş: şəbəkə yoxdur)
[10:37:35] A3  yuxarı axın anbarı (OxLon, Nazirlik, MicroUnit) → D1
  D1 kataloq: Nazirlik (MU) 793, makro OxLon §15.5.1 1001, mikro §15.5.2 1552
[10:37:36] A5  gündəlik monitor və proqnoz təsiri → D5–D7
  monitor: 56 göstərici (13 xəbərdarlıq), 12824 təsir sətri, 7 dəyişiklik (2.0 san)
    Brent (spot)                                          113.960 vs     68.980 (OxLon §15.5.1) z=+2.7
    Brent 2026 illik ortası (YTD + spot)                   98.361 vs     68.980 (OxLon §15.5.1) z=+6.9
    Azeri Light (proksi) vs FR1 ixrac qiyməti             114.631 vs     66.018 (MicroUnit FR1) z=+3.0
    Dövlət büdcəsi xərcləri: icra (illik planın %-i)       54.833 vs     66.667 (Nazirlik Bottom-up) z=-2.4
    Dövlət büdcəsinin balansı (Yanvar–ay) vs illik fər   3715.900 vs  -3042.450 (Nazirlik Bottom-up) z=+4.5
    ARDNF aktivləri vs Nazirlik ilsonu fərziyyəsi       72596.600 vs  59123.972 (Nazirlik Bottom-up) z=+4.6
2026-10-06T09:37:38Z bitdi: kod 0 — uğurlu
