23:29:53  icra r20261005-232952-d160: FR1 → FR3 → FR4 → FR5 → FR10 → FR12 → panel → site
23:29:53  [FR1] başladı
23:31:47  [FR1] uğurla bitdi (114 s, 76 çıxış faylı)
23:31:49  [FR1] docrefresh FR1: docs/FR1_Methodology.md: 33 v2.2 blocks unchanged; docs/az/FR1_Metodologiya.md: 33 v2.2 blocks unchanged
23:31:49  [FR3] başladı
23:32:17  [FR3] uğurla bitdi (28 s, 31 çıxış faylı)
23:32:18  [FR3] docrefresh FR3: docs/FR3_Methodology.md: 5 v2.2 blocks unchanged; docs/az/FR3_Metodologiya.md: 5 v2.2 blocks unchanged
23:32:18  [FR4] başladı
23:32:38  [FR4] uğurla bitdi (19 s, 40 çıxış faylı)
23:32:39  [FR4] docrefresh FR4: docs/FR4_Methodology.md: 6 v2.2 blocks unchanged; docs/az/FR4_Metodologiya.md: 6 v2.2 blocks unchanged
23:32:39  [FR5] başladı
23:33:28  [FR5] uğurla bitdi (48 s, 58 çıxış faylı)
23:33:28  [FR5] docrefresh FR5: docs/FR5_Methodology.md: 2 v2.2 blocks unchanged; docs/az/FR5_Metodologiya.md: 2 v2.2 blocks unchanged
23:33:28  [FR10] başladı
23:34:13  [FR10] uğurla bitdi (45 s, 95 çıxış faylı)
23:34:15  [FR10] docs/az/FR10_Metodologiya.md: 41 AUTO blocks synced from docs/FR10_Methodology.md (changed); 0 generated text unit(s) without an Azerbaijani template
23:34:15  [FR12] başladı
23:34:50  [FR12] uğurla bitdi (35 s, 77 çıxış faylı)
23:34:52  [FR12] docs/az/FR12_Metodologiya.md: 33 AUTO blocks synced from docs/FR12_Methodology.md (changed); 0 generated text unit(s) without an Azerbaijani template
23:34:52  [panel] başladı
23:34:58  [panel] uğurla bitdi (6 s, 21 çıxış faylı)
23:34:58  [site] başladı
23:35:09  [site] uğurla bitdi (11 s, 28 çıxış faylı)
23:35:09  icra r20261005-232952-d160 bitdi: ok (316 s); əvvəlki icra ilə bayt-bayt eyni: False
