$ /Users/econ0757/venvs/miis-model/bin/python3 panel/build_panel.py
FR1    478 komponent · 157 tənlik
FR3    109 komponent ·  97 tənlik
FR4     75 komponent · 125 tənlik
FR5     79 komponent ·  84 tənlik
FR10   414 komponent · 133 tənlik
FR12   378 komponent ·  69 tənlik
göstərici 1533, ssenari sırası 4596 (× 5 il), zolaq 500, tənlik 665, saxlanmış ssenari 1, mühərrik girişləri 6/6
tamlıq: {'OK': 4434, 'OK (faktiki: 2026)': 162, 'proqnoz edilmir (not_forecast)': 1}
TAMLIQ OK — hər kataloq komponenti hər ssenaridə 2026–2030 illərinin hamısını daşıyır
KEÇİDLƏR OK — tənlik id-ləri, fayllar və marşrutlar mövcuddur
TƏRCÜMƏ YOXLAMASI UĞURSUZ: 10 sətir (panel/i18n/untranslated.txt):
  - eq_fr3.js.est | kalibrlənmiş (DSK 4.5-4.8 relative sector wages, 2024) | relative,sector,wages
  - eq_fr3.js.sum | Qiymətləndirmə üsulu:             kalibrlənmiş (DSK 4.5-4.8 relative sector wages, 2024)    F-statistikası:                              — | relative,sector,wages
  - eq_fr3.js.est | kalibrlənmiş (DSK 4.5-4.8 state wages, 4 budget-financed activities, 2024) | wages
  - eq_fr3.js.sum | Qiymətləndirmə üsulu:             kalibrlənmiş (DSK 4.5-4.8 state wages, 4 budget-financed activities, 2024)    F-statistikası:                              — | wages
  - eq_fr4.js.sum | Qiymətləndirmə üsulu:             kalibrlənmiş (DSK Dynamics_2.12, last published year)    F-statistikası:                              — | last,year
  - eq_fr5.js.est | kalibrlənmiş (Ministry MOE SOCIAL.xlsx eq8, published coefficients) | coefficients
  - eq_fr5.js.sum | Qiymətləndirmə üsulu:             kalibrlənmiş (Ministry MOE SOCIAL.xlsx eq8, published coefficients)    F-statistikası:                              — | coefficients
  - eqidx.js.est | kalibrlənmiş (DSK 4.5-4.8 relative sector wages, 2024) | relative,sector,wages
  - eqidx.js.est | kalibrlənmiş (DSK 4.5-4.8 state wages, 4 budget-financed activities, 2024) | wages
  - eqidx.js.est | kalibrlənmiş (Ministry MOE SOCIAL.xlsx eq8, published coefficients) | coefficients
möhür c7f3cd545bee 2026-10-05
