19:05:07  icra r20261005-190507-d1cd: FR1 → FR3 → FR4 → FR5 → FR10 → FR12 → panel → site
19:05:07  [FR1] başladı
19:06:49  [FR1] uğurla bitdi (101 s, 71 çıxış faylı)
19:06:50  [FR1] docrefresh FR1: docs/FR1_Methodology.md: 23 v2.2 blocks unchanged; docs/az/FR1_Metodologiya.md: 23 v2.2 blocks unchanged
19:06:50  [FR3] başladı
19:07:17  [FR3] uğurla bitdi (26 s, 31 çıxış faylı)
19:07:18  [FR3] docrefresh FR3: docs/FR3_Methodology.md: 5 v2.2 blocks unchanged; docs/az/FR3_Metodologiya.md: 5 v2.2 blocks unchanged
19:07:18  [FR4] başladı
19:07:35  [FR4] uğurla bitdi (17 s, 40 çıxış faylı)
19:07:36  [FR4] docrefresh FR4: docs/FR4_Methodology.md: 5 v2.2 blocks unchanged; docs/az/FR4_Metodologiya.md: 5 v2.2 blocks unchanged
19:07:36  [FR5] başladı
19:08:24  [FR5] uğurla bitdi (48 s, 58 çıxış faylı)
19:08:25  [FR5] docrefresh FR5: docs/FR5_Methodology.md: 1 v2.2 blocks unchanged; docs/az/FR5_Metodologiya.md: 1 v2.2 blocks unchanged
19:08:25  [FR10] başladı
19:09:08  [FR10] uğurla bitdi (43 s, 95 çıxış faylı)
19:09:10  [FR10] docs/az/FR10_Metodologiya.md: 41 AUTO blocks synced from docs/FR10_Methodology.md (changed); 2 generated text unit(s) without an Azerbaijani template -> microlib/i18n/FR10_untranslated.txt
19:09:10  [FR12] başladı
19:09:43  [FR12] uğurla bitdi (33 s, 77 çıxış faylı)
19:09:43  [FR12] docs/az/FR12_Metodologiya.md: 33 AUTO blocks synced from docs/FR12_Methodology.md (changed); 0 generated text unit(s) without an Azerbaijani template
19:09:43  [panel] başladı
19:09:48  [panel] FAILED: möhür c7f3cd545bee 2026-10-05 (5 s) — jurnal: logs/r20261005-190507-d1cd/panel.log
19:09:48  icra r20261005-190507-d1cd bitdi: failed (281 s); əvvəlki icra ilə bayt-bayt eyni: False
